// Jest Snapshot v1, https://goo.gl/fbAQLP

exports[`Popover renders correctly 1`] = `
<Popover
  contentPosition={
    Array [
      "left",
      "top",
    ]
  }
  mode="click"
  offsetX={0}
  offsetY={0}
  onChange={[Function]}
  selector="body"
  triggerPosition={
    Array [
      "left",
      "bottom",
    ]
  }
>
  <PopoverTrigger
    disabled={false}
    key=".0"
    mode="click"
    toggleVisible={[Function]}
  >
    <span
      onClick={[Function]}
    >
      popover trigger
    </span>
  </PopoverTrigger>
  <PopoverContent
    contentPosition={
      Array [
        "left",
        "top",
      ]
    }
    key=".1"
    mode="click"
    offsetX={0}
    offsetY={0}
    selector="body"
    toggleVisible={[Function]}
    triggerDOM={
      <span>
        popover trigger
      </span>
    }
    triggerPosition={
      Array [
        "left",
        "bottom",
      ]
    }
    visible={false}
  >
    <PurePortal
      selector="body"
    >
      <Portal
        containerInfo={
          <body>
            <div
              class="cat-popover__content"
              style="position: absolute; top: 0px; left: 0px;"
            >
              <div>
                popover content
              </div>
            </div>
          </body>
        }
      >
        <div
          className="cat-popover__content"
          onClick={[Function]}
          style={
            Object {
              "left": 0,
              "position": "absolute",
              "top": 0,
            }
          }
        >
          <div>
            popover content
          </div>
        </div>
      </Portal>
    </PurePortal>
  </PopoverContent>
</Popover>
`;
