// Jest Snapshot v1, https://goo.gl/fbAQLP

exports[`Menu renders correctly 1`] = `
initialize {
  "0": Object {
    "attribs": Object {
      "class": "hmly-menu hmly-menu-pop menu1 sc-bdVaJa dSMDdb",
    },
    "children": Array [
      Object {
        "attribs": Object {
          "class": "hmly-menu-item hmly-menu-item-pop sc-bwzfXH bfHbC",
          "data-fixed": "false",
        },
        "children": Array [
          Object {
            "data": "Edit",
            "next": null,
            "parent": [Circular],
            "prev": null,
            "type": "text",
          },
        ],
        "name": "li",
        "namespace": "http://www.w3.org/1999/xhtml",
        "next": Object {
          "attribs": Object {
            "class": "hmly-menu-item hmly-menu-item-pop sc-bwzfXH bfHbC",
            "data-fixed": "false",
          },
          "children": Array [
            Object {
              "data": "Share",
              "next": null,
              "parent": [Circular],
              "prev": null,
              "type": "text",
            },
          ],
          "name": "li",
          "namespace": "http://www.w3.org/1999/xhtml",
          "next": Object {
            "attribs": Object {
              "class": "hmly-menu-item hmly-menu-item-pop sc-bwzfXH bfHbC",
              "data-fixed": "false",
            },
            "children": Array [
              Object {
                "data": "Download",
                "next": null,
                "parent": [Circular],
                "prev": null,
                "type": "text",
              },
            ],
            "name": "li",
            "namespace": "http://www.w3.org/1999/xhtml",
            "next": Object {
              "attribs": Object {
                "class": "hmly-menu-item hmly-menu-item-pop sc-bwzfXH bfHbC",
                "data-fixed": "false",
              },
              "children": Array [
                Object {
                  "data": "Delete",
                  "next": null,
                  "parent": [Circular],
                  "prev": null,
                  "type": "text",
                },
              ],
              "name": "li",
              "namespace": "http://www.w3.org/1999/xhtml",
              "next": null,
              "parent": [Circular],
              "prev": [Circular],
              "type": "tag",
              "x-attribsNamespace": Object {
                "class": undefined,
                "data-fixed": undefined,
              },
              "x-attribsPrefix": Object {
                "class": undefined,
                "data-fixed": undefined,
              },
            },
            "parent": [Circular],
            "prev": [Circular],
            "type": "tag",
            "x-attribsNamespace": Object {
              "class": undefined,
              "data-fixed": undefined,
            },
            "x-attribsPrefix": Object {
              "class": undefined,
              "data-fixed": undefined,
            },
          },
          "parent": [Circular],
          "prev": [Circular],
          "type": "tag",
          "x-attribsNamespace": Object {
            "class": undefined,
            "data-fixed": undefined,
          },
          "x-attribsPrefix": Object {
            "class": undefined,
            "data-fixed": undefined,
          },
        },
        "parent": [Circular],
        "prev": null,
        "type": "tag",
        "x-attribsNamespace": Object {
          "class": undefined,
          "data-fixed": undefined,
        },
        "x-attribsPrefix": Object {
          "class": undefined,
          "data-fixed": undefined,
        },
      },
      Object {
        "attribs": Object {
          "class": "hmly-menu-item hmly-menu-item-pop sc-bwzfXH bfHbC",
          "data-fixed": "false",
        },
        "children": Array [
          Object {
            "data": "Share",
            "next": null,
            "parent": [Circular],
            "prev": null,
            "type": "text",
          },
        ],
        "name": "li",
        "namespace": "http://www.w3.org/1999/xhtml",
        "next": Object {
          "attribs": Object {
            "class": "hmly-menu-item hmly-menu-item-pop sc-bwzfXH bfHbC",
            "data-fixed": "false",
          },
          "children": Array [
            Object {
              "data": "Download",
              "next": null,
              "parent": [Circular],
              "prev": null,
              "type": "text",
            },
          ],
          "name": "li",
          "namespace": "http://www.w3.org/1999/xhtml",
          "next": Object {
            "attribs": Object {
              "class": "hmly-menu-item hmly-menu-item-pop sc-bwzfXH bfHbC",
              "data-fixed": "false",
            },
            "children": Array [
              Object {
                "data": "Delete",
                "next": null,
                "parent": [Circular],
                "prev": null,
                "type": "text",
              },
            ],
            "name": "li",
            "namespace": "http://www.w3.org/1999/xhtml",
            "next": null,
            "parent": [Circular],
            "prev": [Circular],
            "type": "tag",
            "x-attribsNamespace": Object {
              "class": undefined,
              "data-fixed": undefined,
            },
            "x-attribsPrefix": Object {
              "class": undefined,
              "data-fixed": undefined,
            },
          },
          "parent": [Circular],
          "prev": [Circular],
          "type": "tag",
          "x-attribsNamespace": Object {
            "class": undefined,
            "data-fixed": undefined,
          },
          "x-attribsPrefix": Object {
            "class": undefined,
            "data-fixed": undefined,
          },
        },
        "parent": [Circular],
        "prev": Object {
          "attribs": Object {
            "class": "hmly-menu-item hmly-menu-item-pop sc-bwzfXH bfHbC",
            "data-fixed": "false",
          },
          "children": Array [
            Object {
              "data": "Edit",
              "next": null,
              "parent": [Circular],
              "prev": null,
              "type": "text",
            },
          ],
          "name": "li",
          "namespace": "http://www.w3.org/1999/xhtml",
          "next": [Circular],
          "parent": [Circular],
          "prev": null,
          "type": "tag",
          "x-attribsNamespace": Object {
            "class": undefined,
            "data-fixed": undefined,
          },
          "x-attribsPrefix": Object {
            "class": undefined,
            "data-fixed": undefined,
          },
        },
        "type": "tag",
        "x-attribsNamespace": Object {
          "class": undefined,
          "data-fixed": undefined,
        },
        "x-attribsPrefix": Object {
          "class": undefined,
          "data-fixed": undefined,
        },
      },
      Object {
        "attribs": Object {
          "class": "hmly-menu-item hmly-menu-item-pop sc-bwzfXH bfHbC",
          "data-fixed": "false",
        },
        "children": Array [
          Object {
            "data": "Download",
            "next": null,
            "parent": [Circular],
            "prev": null,
            "type": "text",
          },
        ],
        "name": "li",
        "namespace": "http://www.w3.org/1999/xhtml",
        "next": Object {
          "attribs": Object {
            "class": "hmly-menu-item hmly-menu-item-pop sc-bwzfXH bfHbC",
            "data-fixed": "false",
          },
          "children": Array [
            Object {
              "data": "Delete",
              "next": null,
              "parent": [Circular],
              "prev": null,
              "type": "text",
            },
          ],
          "name": "li",
          "namespace": "http://www.w3.org/1999/xhtml",
          "next": null,
          "parent": [Circular],
          "prev": [Circular],
          "type": "tag",
          "x-attribsNamespace": Object {
            "class": undefined,
            "data-fixed": undefined,
          },
          "x-attribsPrefix": Object {
            "class": undefined,
            "data-fixed": undefined,
          },
        },
        "parent": [Circular],
        "prev": Object {
          "attribs": Object {
            "class": "hmly-menu-item hmly-menu-item-pop sc-bwzfXH bfHbC",
            "data-fixed": "false",
          },
          "children": Array [
            Object {
              "data": "Share",
              "next": null,
              "parent": [Circular],
              "prev": null,
              "type": "text",
            },
          ],
          "name": "li",
          "namespace": "http://www.w3.org/1999/xhtml",
          "next": [Circular],
          "parent": [Circular],
          "prev": Object {
            "attribs": Object {
              "class": "hmly-menu-item hmly-menu-item-pop sc-bwzfXH bfHbC",
              "data-fixed": "false",
            },
            "children": Array [
              Object {
                "data": "Edit",
                "next": null,
                "parent": [Circular],
                "prev": null,
                "type": "text",
              },
            ],
            "name": "li",
            "namespace": "http://www.w3.org/1999/xhtml",
            "next": [Circular],
            "parent": [Circular],
            "prev": null,
            "type": "tag",
            "x-attribsNamespace": Object {
              "class": undefined,
              "data-fixed": undefined,
            },
            "x-attribsPrefix": Object {
              "class": undefined,
              "data-fixed": undefined,
            },
          },
          "type": "tag",
          "x-attribsNamespace": Object {
            "class": undefined,
            "data-fixed": undefined,
          },
          "x-attribsPrefix": Object {
            "class": undefined,
            "data-fixed": undefined,
          },
        },
        "type": "tag",
        "x-attribsNamespace": Object {
          "class": undefined,
          "data-fixed": undefined,
        },
        "x-attribsPrefix": Object {
          "class": undefined,
          "data-fixed": undefined,
        },
      },
      Object {
        "attribs": Object {
          "class": "hmly-menu-item hmly-menu-item-pop sc-bwzfXH bfHbC",
          "data-fixed": "false",
        },
        "children": Array [
          Object {
            "data": "Delete",
            "next": null,
            "parent": [Circular],
            "prev": null,
            "type": "text",
          },
        ],
        "name": "li",
        "namespace": "http://www.w3.org/1999/xhtml",
        "next": null,
        "parent": [Circular],
        "prev": Object {
          "attribs": Object {
            "class": "hmly-menu-item hmly-menu-item-pop sc-bwzfXH bfHbC",
            "data-fixed": "false",
          },
          "children": Array [
            Object {
              "data": "Download",
              "next": null,
              "parent": [Circular],
              "prev": null,
              "type": "text",
            },
          ],
          "name": "li",
          "namespace": "http://www.w3.org/1999/xhtml",
          "next": [Circular],
          "parent": [Circular],
          "prev": Object {
            "attribs": Object {
              "class": "hmly-menu-item hmly-menu-item-pop sc-bwzfXH bfHbC",
              "data-fixed": "false",
            },
            "children": Array [
              Object {
                "data": "Share",
                "next": null,
                "parent": [Circular],
                "prev": null,
                "type": "text",
              },
            ],
            "name": "li",
            "namespace": "http://www.w3.org/1999/xhtml",
            "next": [Circular],
            "parent": [Circular],
            "prev": Object {
              "attribs": Object {
                "class": "hmly-menu-item hmly-menu-item-pop sc-bwzfXH bfHbC",
                "data-fixed": "false",
              },
              "children": Array [
                Object {
                  "data": "Edit",
                  "next": null,
                  "parent": [Circular],
                  "prev": null,
                  "type": "text",
                },
              ],
              "name": "li",
              "namespace": "http://www.w3.org/1999/xhtml",
              "next": [Circular],
              "parent": [Circular],
              "prev": null,
              "type": "tag",
              "x-attribsNamespace": Object {
                "class": undefined,
                "data-fixed": undefined,
              },
              "x-attribsPrefix": Object {
                "class": undefined,
                "data-fixed": undefined,
              },
            },
            "type": "tag",
            "x-attribsNamespace": Object {
              "class": undefined,
              "data-fixed": undefined,
            },
            "x-attribsPrefix": Object {
              "class": undefined,
              "data-fixed": undefined,
            },
          },
          "type": "tag",
          "x-attribsNamespace": Object {
            "class": undefined,
            "data-fixed": undefined,
          },
          "x-attribsPrefix": Object {
            "class": undefined,
            "data-fixed": undefined,
          },
        },
        "type": "tag",
        "x-attribsNamespace": Object {
          "class": undefined,
          "data-fixed": undefined,
        },
        "x-attribsPrefix": Object {
          "class": undefined,
          "data-fixed": undefined,
        },
      },
    ],
    "name": "ul",
    "namespace": "http://www.w3.org/1999/xhtml",
    "next": null,
    "parent": null,
    "prev": null,
    "root": Object {
      "attribs": Object {},
      "children": Array [
        [Circular],
      ],
      "name": "root",
      "namespace": "http://www.w3.org/1999/xhtml",
      "next": null,
      "parent": null,
      "prev": null,
      "type": "root",
      "x-attribsNamespace": Object {},
      "x-attribsPrefix": Object {},
    },
    "type": "tag",
    "x-attribsNamespace": Object {
      "class": undefined,
    },
    "x-attribsPrefix": Object {
      "class": undefined,
    },
  },
  "_root": [Circular],
  "length": 1,
  "options": Object {
    "decodeEntities": true,
    "normalizeWhitespace": false,
    "withDomLvl1": true,
    "xml": false,
  },
}
`;
